// Jest Snapshot v1, https://goo.gl/fbAQLP

exports[`Notifications Component Verify the snapshot of the Notifications Component 1`] = `null`;
