// Jest Snapshot v1, https://goo.gl/fbAQLP

exports[`Modal component Verify the snapshot of the Modal is matched 1`] = `null`;
